2026-09-28 12:56:21 [ERROR]: Failed to load route /api/auth: Invalid or unexpected token
2026-09-28 12:56:21 [ERROR]: Failed to load route /api/employees: Cannot find module 'C:\Users\Rahul\OneDrive\Desktop\NODE-HRMS\server\middleware\auth.middleware.js' imported from C:\Users\Rahul\OneDrive\Desktop\NODE-HRMS\server\routes\employee.routes.js
2026-09-28 12:56:21 [ERROR]: Failed to load route /api/departments: Cannot find module 'C:\Users\Rahul\OneDrive\Desktop\NODE-HRMS\server\middleware\auth.middleware.js' imported from C:\Users\Rahul\OneDrive\Desktop\NODE-HRMS\server\routes\department.routes.js
2026-09-28 12:56:21 [ERROR]: Failed to load route /api/designations: Cannot find module 'C:\Users\Rahul\OneDrive\Desktop\NODE-HRMS\server\middleware\auth.middleware.js' imported from C:\Users\Rahul\OneDrive\Desktop\NODE-HRMS\server\routes\designation.routes.js
2026-09-28 12:56:21 [ERROR]: Failed to load route /api/attendance: Cannot find module 'C:\Users\Rahul\OneDrive\Desktop\NODE-HRMS\server\middleware\auth.middleware.js' imported from C:\Users\Rahul\OneDrive\Desktop\NODE-HRMS\server\routes\attendance.routes.js
2026-09-28 12:56:23 [ERROR]: Failed to load route /api/payroll: Invalid or unexpected token
2026-09-28 12:56:23 [ERROR]: Failed to load route /api/recruitment: Cannot find module 'C:\Users\Rahul\OneDrive\Desktop\NODE-HRMS\server\middleware\auth.middleware.js' imported from C:\Users\Rahul\OneDrive\Desktop\NODE-HRMS\server\routes\recruitment.routes.js
2026-09-28 12:56:23 [ERROR]: Failed to load route /api/documents: Cannot find module 'C:\Users\Rahul\OneDrive\Desktop\NODE-HRMS\server\middleware\auth.middleware.js' imported from C:\Users\Rahul\OneDrive\Desktop\NODE-HRMS\server\routes\document.routes.js
2026-09-28 12:56:23 [ERROR]: Failed to load route /api/performance: Cannot find module 'C:\Users\Rahul\OneDrive\Desktop\NODE-HRMS\server\middleware\auth.middleware.js' imported from C:\Users\Rahul\OneDrive\Desktop\NODE-HRMS\server\routes\performance.routes.js
2026-09-28 12:56:23 [ERROR]: Failed to load route /api/assets: Cannot find module 'C:\Users\Rahul\OneDrive\Desktop\NODE-HRMS\server\middleware\auth.middleware.js' imported from C:\Users\Rahul\OneDrive\Desktop\NODE-HRMS\server\routes\asset.routes.js
2026-09-28 12:56:23 [ERROR]: Failed to load route /api/notices: Invalid or unexpected token
2026-09-28 12:56:23 [ERROR]: Failed to load route /api/reports: Invalid or unexpected token
2026-09-28 12:56:23 [ERROR]: Failed to load route /api/users: Invalid or unexpected token
2026-09-28 12:57:00 [ERROR]: Failed to load route /api/auth: Invalid or unexpected token
2026-09-28 12:57:00 [ERROR]: Failed to load route /api/employees: Cannot find module 'C:\Users\Rahul\OneDrive\Desktop\NODE-HRMS\server\middleware\upload.middleware.js' imported from C:\Users\Rahul\OneDrive\Desktop\NODE-HRMS\server\routes\employee.routes.js
2026-09-28 12:57:00 [ERROR]: Failed to load route /api/payroll: Invalid or unexpected token
2026-09-28 12:57:00 [ERROR]: Failed to load route /api/documents: Cannot find module 'C:\Users\Rahul\OneDrive\Desktop\NODE-HRMS\server\middleware\upload.middleware.js' imported from C:\Users\Rahul\OneDrive\Desktop\NODE-HRMS\server\routes\document.routes.js
2026-09-28 12:57:00 [ERROR]: Failed to load route /api/notices: Invalid or unexpected token
2026-09-28 12:57:00 [ERROR]: Failed to load route /api/reports: Invalid or unexpected token
2026-09-28 12:57:00 [ERROR]: Failed to load route /api/users: Invalid or unexpected token
2026-09-28 12:57:22 [ERROR]: Failed to load route /api/auth: Invalid or unexpected token
2026-09-28 12:57:23 [ERROR]: Failed to load route /api/payroll: Invalid or unexpected token
2026-09-28 12:57:23 [ERROR]: Failed to load route /api/notices: Invalid or unexpected token
2026-09-28 12:57:23 [ERROR]: Failed to load route /api/reports: Invalid or unexpected token
2026-09-28 12:57:23 [ERROR]: Failed to load route /api/users: Invalid or unexpected token
2026-09-28 12:58:15 [ERROR]: Failed to load route /api/notices: Invalid or unexpected token
2026-09-28 12:58:15 [ERROR]: Failed to load route /api/users: Invalid or unexpected token
2026-09-28 12:58:34 [ERROR]: Failed to load route /api/notices: Invalid or unexpected token
2026-09-28 12:58:34 [ERROR]: Failed to load route /api/users: Invalid or unexpected token
2026-09-28 12:59:51 [ERROR]: Failed to load route /api/assets: missing ) after argument list
2026-09-28 13:28:38 [ERROR]: Failed to load route /api/payroll: Missing catch or finally after try
2026-09-28 13:29:26 [ERROR]: Failed to load route /api/payroll: Missing catch or finally after try
2026-09-28 13:30:23 [ERROR]: Failed to load route /api/payroll: Missing catch or finally after try
2026-09-28 13:30:51 [ERROR]: Failed to load route /api/payroll: Missing catch or finally after try
2026-09-28 13:31:26 [ERROR]: Failed to load route /api/payroll: Missing catch or finally after try
2026-09-28 13:31:32 [ERROR]: Failed to load route /api/payroll: Missing catch or finally after try
2026-09-28 13:34:00 [ERROR]: Failed to load route /api/payroll: Missing catch or finally after try
2026-09-28 13:34:15 [ERROR]: Failed to load route /api/payroll: Missing catch or finally after try
2026-09-28 13:34:52 [ERROR]: Failed to load route /api/payroll: Missing catch or finally after try
2026-09-28 13:34:52 [ERROR]: Failed to load route /api/reports: Invalid regular expression: /^[=+\\-@]/: Range out of order in character class
2026-09-28 13:37:13 [ERROR]: Failed to load route /api/payroll: Missing catch or finally after try
2026-09-28 13:37:13 [ERROR]: Failed to load route /api/reports: Invalid regular expression: /^[=+\\-@]/: Range out of order in character class
2026-09-28 13:38:27 [ERROR]: Failed to load route /api/payroll: Missing catch or finally after try
2026-09-28 13:38:27 [ERROR]: Failed to load route /api/reports: Invalid regular expression: /^[=+\\-@]/: Range out of order in character class
2026-09-28 13:38:36 [ERROR]: Failed to load route /api/payroll: Missing catch or finally after try
2026-09-28 13:38:36 [ERROR]: Failed to load route /api/reports: Invalid regular expression: /^[=+\\-@]/: Range out of order in character class
2026-09-28 13:39:44 [ERROR]: Failed to load route /api/reports: Invalid regular expression: /^[=+\\-@]/: Range out of order in character class
2026-09-28 13:53:32 [ERROR]: Login error: Illegal arguments: string, undefined
2026-09-28 13:58:02 [ERROR]: Login error: Unknown column 'account_locked_until' in 'field list'
2026-09-28 14:03:00 [ERROR]: Failed to create audit log: Bind parameters must not contain undefined. To pass SQL NULL specify JS null
2026-09-29 19:40:33 [ERROR]: SyntaxError: Expected property name or '}' in JSON at position 1 (line 1 column 2)
    at JSON.parse (<anonymous>)
    at parse (C:\Users\Rahul\OneDrive\Desktop\NODE-HRMS\server\node_modules\body-parser\lib\types\json.js:91:21)
    at C:\Users\Rahul\OneDrive\Desktop\NODE-HRMS\server\node_modules\body-parser\lib\read.js:162:18
    at AsyncResource.runInAsyncScope (node:async_hooks:214:14)
    at invokeCallback (C:\Users\Rahul\OneDrive\Desktop\NODE-HRMS\server\node_modules\raw-body\index.js:238:16)
    at done (C:\Users\Rahul\OneDrive\Desktop\NODE-HRMS\server\node_modules\raw-body\index.js:227:7)
    at IncomingMessage.onEnd (C:\Users\Rahul\OneDrive\Desktop\NODE-HRMS\server\node_modules\raw-body\index.js:287:7)
    at IncomingMessage.emit (node:events:519:28)
    at endReadableNT (node:internal/streams/readable:1698:12)
    at process.processTicksAndRejections (node:internal/process/task_queues:90:21)
